<?xml version="1.0" encoding="UTF-8"?>
<!DOCTYPE html PUBLIC "-//W3C//DTD XHTML 1.0 Strict//EN"
          "http://www.w3.org/TR/xhtml1/DTD/xhtml1-transitional.dtd">
<html xmlns="http://www.w3.org/1999/xhtml" xml:lang="en" lang="en">
  <head>
    <title>Stock Quoting</title>
    <meta http-equiv="Content-Type" content="text/html; charset=UTF-8" />
    <link rel="stylesheet" type="text/css" href="design.css" />
  </head>
  <body>

    <table summary="" id="pain-table">
      <tr>

        <td width="100" valign="top" id="menu-pain">
          <b>Menu:</b>
          <!-- menu -->
    <ul>
      <li><a href="/cgi-bin/mail.cgi">Mail</a></li>
      <li><a href="/cgi-bin/calendar.cgi">Calnedar</a></li>
      <li><a href="/cgi-bin/todo.cgi">Todo</a></li>
      <li><a href="/cgi-bin/stock.cgi">Stock</a></li>
    </ul>
          <!-- /menu -->
        </td>

        <td width="400" valign="top" id="content-pain">
          <h3>Stock Quoting</h3>
          <!-- content -->
    <table>
      <thead>
        <tr>
          <th>Symbol</th><th>Company</th><th>Price</th><th>Change</th>
        </tr>
      </thead>
      <tbody>
        <tr>
          <td><a href="?symbol=AAPL">AAPL</a></td>
          <td>Apple Computer, Inc.</td>
          <td align="right">62.94</td>
          <td align="right" class="minus">-0.23%</td>
        </tr>
        <tr>
          <td><a href="?symbol=MSFT">MSFT</a></td>
          <td>Microsoft Corp.</td>
          <td align="right">22.53</td>
          <td align="right">0.64%</td>
        </tr>
        <tr>
          <td><a href="?symbol=ORCL">ORCL</a></td>
          <td>Oracle Corporation</td>
          <td align="right">12.89</td>
          <td align="right" class="minus">-2.02%</td>
        </tr>
        <tr>
          <td><a href="?symbol=SUNW">SUNW</a></td>
          <td>Sun Microsystems, Inc.</td>
          <td align="right">4.12</td>
          <td align="right">0.28%</td>
        </tr>
        <tr>
          <td><a href="?symbol=INTC">INTC</a></td>
          <td>Intel Corporation</td>
          <td align="right">18.61</td>
          <td align="right">1.01%</td>
        </tr>
      </tbody>
    </table>
          <!-- /content -->
        </td>

      </tr>

      <tr>
        <td colspan="2" id="footer-pain">
          copyright&copy; 2004-2006 kuwata-lab.com all rights reserved
        </td>
      </tr>

    </table>

  </body>
</html>
