<?xml version="1.0" encoding="UTF-8"?>
<!DOCTYPE html PUBLIC "-//W3C//DTD XHTML 1.0 Strict//EN"
          "http://www.w3.org/TR/xhtml1/DTD/xhtml1-transitional.dtd">
<html xmlns="http://www.w3.org/1999/xhtml" xml:lang="en" lang="en">
  <head>
    <title>Quoting Detail</title>
    <meta http-equiv="Content-Type" content="text/html; charset=UTF-8" />
    <link rel="stylesheet" type="text/css" href="design.css" />
  </head>
  <body>

    <table summary="" id="pain-table">
      <tr>

        <td width="100" valign="top" id="menu-pain">
          <b>Menu:</b>
          <!-- menu -->
    <ul>
      <li><a href="/cgi-bin/mail.cgi">Mail</a></li>
      <li><a href="/cgi-bin/calendar.cgi">Calnedar</a></li>
      <li><a href="/cgi-bin/todo.cgi">Todo</a></li>
      <li><a href="/cgi-bin/stock.cgi">Stock</a></li>
    </ul>
          <!-- /menu -->
        </td>

        <td width="400" valign="top" id="content-pain">
          <h3>Quoting Detail</h3>
          <!-- content -->
    <table>
      <tbody>
        <tr>
          <th class="label">Symbol:</th>
          <td>AAPL</td>
        </tr>
        <tr>
          <th class="label">Company:</th>
          <td>Apple Computer, Inc.</td>
        </tr>
        <tr>
          <th class="label">Price:</th>
          <td>62.94</td>
        </tr>
        <tr>
          <th class="label">Change:</th>
          <td class="minus">-0.23%</td>
        </tr>
      </tbody>
    </table>
          <!-- /content -->
        </td>

      </tr>

      <tr>
        <td colspan="2" id="footer-pain">
          copyright&copy; 2004-2006 kuwata-lab.com all rights reserved
        </td>
      </tr>

    </table>

  </body>
</html>
