<html>
  <body>

      <a href="/">TOP</a> &lt;       <a href="/kwartz">Kwartz</a> &lt;       <a href="/kwartz/examples">Examples</a> &lt; breadcrumbs
  </body>
</html>
